// Jest Snapshot v1, https://goo.gl/fbAQLP

exports[`ğŸ”¬ Ad Sideber ğŸ”¬ Advertisements sidebar should be available 1`] = `""`;
